// Jest Snapshot v1, https://goo.gl/fbAQLP

exports[`<Button /> should render correctly 1`] = `
<Button
  clickHandler={[MockFunction]}
  id="someId"
  text="SomeText"
>
  <button
    className="button button--primary"
    id="someId"
    onClick={[MockFunction]}
  >
    SomeText
  </button>
</Button>
`;
